To honour the JVM settings for this build a single-use Daemon process will be forked. For more on this, please refer to https://docs.gradle.org/8.5/userguide/gradle_daemon.html#sec:disabling_the_daemon in the Gradle documentation.
Daemon will be stopped at the end of the build 
gradlew.bat : Warning: SDK processing. This version only understands SDK XML v
ersions up to 3 but an SDK XML file of version 4 was encountered. This can hap
pen if you use versions of Android Studio and the command-line tools that were
 released at different times.
所在位置 行:1 字符: 398
+ ... tudio\jbr"; & .\gradlew.bat compileDebugKotlin --no-daemon *>&1 | Out ..
.
+                 ~~~~~~~~~~~~~~~~~~~~~~~~~~~~~~~~~~~~~~~~~~~~~~~~~~~
    + CategoryInfo          : NotSpecified: (Warning: SDK pr...ifferent times 
   .:String) [], RemoteException
    + FullyQualifiedErrorId : NativeCommandError
 
> Task :app:checkKotlinGradlePluginConfigurationErrors
> Task :app:preBuild UP-TO-DATE
> Task :app:preDebugBuild UP-TO-DATE
> Task :app:checkDebugAarMetadata UP-TO-DATE
> Task :app:generateDebugResValues UP-TO-DATE
> Task :app:mapDebugSourceSetPaths UP-TO-DATE
> Task :app:generateDebugResources UP-TO-DATE
> Task :app:mergeDebugResources UP-TO-DATE
> Task :app:packageDebugResources UP-TO-DATE
> Task :app:parseDebugLocalResources UP-TO-DATE
> Task :app:createDebugCompatibleScreenManifests UP-TO-DATE
> Task :app:extractDeepLinksDebug UP-TO-DATE
> Task :app:processDebugMainManifest UP-TO-DATE
> Task :app:processDebugManifest UP-TO-DATE
> Task :app:processDebugManifestForPackage UP-TO-DATE
> Task :app:processDebugResources UP-TO-DATE
> Task :app:kspDebugKotlin UP-TO-DATE

> Task :app:compileDebugKotlin
e: file:///D:/cs/jiuzuoapp/app/src/main/java/com/sitbreak/app/detector/SmartDe
tector.kt:7:17 Unresolved reference: health
e: file:///D:/cs/jiuzuoapp/app/src/main/java/com/sitbreak/app/detector/SmartDe
tector.kt:8:17 Unresolved reference: health
e: file:///D:/cs/jiuzuoapp/app/src/main/java/com/sitbreak/app/detector/SmartDe
tector.kt:9:17 Unresolved reference: health
e: file:///D:/cs/jiuzuoapp/app/src/main/java/com/sitbreak/app/detector/SmartDe
tector.kt:10:17 Unresolved reference: health
e: file:///D:/cs/jiuzuoapp/app/src/main/java/com/sitbreak/app/detector/SmartDe
tector.kt:62:39 Unresolved reference: HealthConnectClient
e: file:///D:/cs/jiuzuoapp/app/src/main/java/com/sitbreak/app/detector/SmartDe
tector.kt:67:17 Unresolved reference: ReadRecordsRequest
e: file:///D:/cs/jiuzuoapp/app/src/main/java/com/sitbreak/app/detector/SmartDe
tector.kt:68:21 Unresolved reference: StepsRecord
e: file:///D:/cs/jiuzuoapp/app/src/main/java/com/sitbreak/app/detector/SmartDe
tector.kt:69:21 Unresolved reference: TimeRangeFilter
e: file:///D:/cs/jiuzuoapp/app/src/main/java/com/sitbreak/app/detector/SmartDe
tector.kt:73:52 Unresolved reference: StepsRecord
e: file:///D:/cs/jiuzuoapp/app/src/main/java/com/sitbreak/app/detector/SmartDe
tector.kt:74:38 None of the following functions can be called with the argumen
ts supplied: 
public inline fun <T> Iterable<TypeVariable(T)>.sumOf(selector: (TypeVariable(
T)) -> BigDecimal): BigDecimal defined in kotlin.collections
public inline fun <T> Iterable<TypeVariable(T)>.sumOf(selector: (TypeVariable(
T)) -> BigInteger): BigInteger defined in kotlin.collections
public inline fun <T> Iterable<TypeVariable(T)>.sumOf(selector: (TypeVariable(
T)) -> Double): Double defined in kotlin.collections
public inline fun <T> Iterable<TypeVariable(T)>.sumOf(selector: (TypeVariable(
T)) -> Int): Int defined in kotlin.collections
public inline fun <T> Iterable<TypeVariable(T)>.sumOf(selector: (TypeVariable(
T)) -> Long): Long defined in kotlin.collections
public inline fun <T> Iterable<TypeVariable(T)>.sumOf(selector: (TypeVariable(
T)) -> UInt): UInt defined in kotlin.collections
public inline fun <T> Iterable<TypeVariable(T)>.sumOf(selector: (TypeVariable(
T)) -> ULong): ULong defined in kotlin.collections
e: file:///D:/cs/jiuzuoapp/app/src/main/java/com/sitbreak/app/detector/SmartDe
tector.kt:74:46 Unresolved reference: it
e: file:///D:/cs/jiuzuoapp/app/src/main/java/com/sitbreak/app/service/TimerSer
vice.kt:228:22 Unresolved reference: CheckInRecord
e: file:///D:/cs/jiuzuoapp/app/src/main/java/com/sitbreak/app/service/TimerSer
vice.kt:349:28 Unresolved reference: updateAll
e: file:///D:/cs/jiuzuoapp/app/src/main/java/com/sitbreak/app/ui/settings/Sett
ingsScreen.kt:91:5 Unresolved reference: stringResource
e: file:///D:/cs/jiuzuoapp/app/src/main/java/com/sitbreak/app/ui/settings/Sett
ingsScreen.kt:91:20 Unresolved reference: R
e: file:///D:/cs/jiuzuoapp/app/src/main/java/com/sitbreak/app/ui/settings/Sett
ingsScreen.kt:92:5 Unresolved reference: stringResource
e: file:///D:/cs/jiuzuoapp/app/src/main/java/com/sitbreak/app/ui/settings/Sett
ingsScreen.kt:92:20 Unresolved reference: R
e: file:///D:/cs/jiuzuoapp/app/src/main/java/com/sitbreak/app/ui/settings/Sett
ingsScreen.kt:93:5 Unresolved reference: stringResource
e: file:///D:/cs/jiuzuoapp/app/src/main/java/com/sitbreak/app/ui/settings/Sett
ingsScreen.kt:93:20 Unresolved reference: R
e: file:///D:/cs/jiuzuoapp/app/src/main/java/com/sitbreak/app/ui/settings/Sett
ingsScreen.kt:94:5 Unresolved reference: stringResource
e: file:///D:/cs/jiuzuoapp/app/src/main/java/com/sitbreak/app/ui/settings/Sett
ingsScreen.kt:94:20 Unresolved reference: R
e: file:///D:/cs/jiuzuoapp/app/src/main/java/com/sitbreak/app/ui/settings/Sett
ingsScreen.kt:95:5 Unresolved reference: stringResource
e: file:///D:/cs/jiuzuoapp/app/src/main/java/com/sitbreak/app/ui/settings/Sett
ingsScreen.kt:95:20 Unresolved reference: R
e: file:///D:/cs/jiuzuoapp/app/src/main/java/com/sitbreak/app/ui/settings/Sett
ingsScreen.kt:96:5 Unresolved reference: stringResource
e: file:///D:/cs/jiuzuoapp/app/src/main/java/com/sitbreak/app/ui/settings/Sett
ingsScreen.kt:96:20 Unresolved reference: R
e: file:///D:/cs/jiuzuoapp/app/src/main/java/com/sitbreak/app/ui/settings/Sett
ingsScreen.kt:103:5 Unresolved reference: stringResource
e: file:///D:/cs/jiuzuoapp/app/src/main/java/com/sitbreak/app/ui/settings/Sett
ingsScreen.kt:103:20 Unresolved reference: R
e: file:///D:/cs/jiuzuoapp/app/src/main/java/com/sitbreak/app/ui/settings/Sett
ingsScreen.kt:104:5 Unresolved reference: stringResource
e: file:///D:/cs/jiuzuoapp/app/src/main/java/com/sitbreak/app/ui/settings/Sett
ingsScreen.kt:104:20 Unresolved reference: R
e: file:///D:/cs/jiuzuoapp/app/src/main/java/com/sitbreak/app/ui/settings/Sett
ingsScreen.kt:105:5 Unresolved reference: stringResource
e: file:///D:/cs/jiuzuoapp/app/src/main/java/com/sitbreak/app/ui/settings/Sett
ingsScreen.kt:105:20 Unresolved reference: R
e: file:///D:/cs/jiuzuoapp/app/src/main/java/com/sitbreak/app/ui/settings/Sett
ingsScreen.kt:106:5 Unresolved reference: stringResource
e: file:///D:/cs/jiuzuoapp/app/src/main/java/com/sitbreak/app/ui/settings/Sett
ingsScreen.kt:106:20 Unresolved reference: R
e: file:///D:/cs/jiuzuoapp/app/src/main/java/com/sitbreak/app/ui/settings/Sett
ingsScreen.kt:107:5 Unresolved reference: stringResource
e: file:///D:/cs/jiuzuoapp/app/src/main/java/com/sitbreak/app/ui/settings/Sett
ingsScreen.kt:107:20 Unresolved reference: R
e: file:///D:/cs/jiuzuoapp/app/src/main/java/com/sitbreak/app/ui/settings/Sett
ingsScreen.kt:108:5 Unresolved reference: stringResource
e: file:///D:/cs/jiuzuoapp/app/src/main/java/com/sitbreak/app/ui/settings/Sett
ingsScreen.kt:108:20 Unresolved reference: R
e: file:///D:/cs/jiuzuoapp/app/src/main/java/com/sitbreak/app/ui/settings/Sett
ingsScreen.kt:109:5 Unresolved reference: stringResource
e: file:///D:/cs/jiuzuoapp/app/src/main/java/com/sitbreak/app/ui/settings/Sett
ingsScreen.kt:109:20 Unresolved reference: R
e: file:///D:/cs/jiuzuoapp/app/src/main/java/com/sitbreak/app/ui/settings/Sett
ingsScreen.kt:149:53 Unresolved reference: stringResource
e: file:///D:/cs/jiuzuoapp/app/src/main/java/com/sitbreak/app/ui/settings/Sett
ingsScreen.kt:149:68 Unresolved reference: R
e: file:///D:/cs/jiuzuoapp/app/src/main/java/com/sitbreak/app/ui/settings/Sett
ingsScreen.kt:149:125 Unresolved reference: stringResource
e: file:///D:/cs/jiuzuoapp/app/src/main/java/com/sitbreak/app/ui/settings/Sett
ingsScreen.kt:149:140 Unresolved reference: R
e: file:///D:/cs/jiuzuoapp/app/src/main/java/com/sitbreak/app/ui/settings/Sett
ingsScreen.kt:151:57 Unresolved reference: stringResource
e: file:///D:/cs/jiuzuoapp/app/src/main/java/com/sitbreak/app/ui/settings/Sett
ingsScreen.kt:151:72 Unresolved reference: R
e: file:///D:/cs/jiuzuoapp/app/src/main/java/com/sitbreak/app/ui/settings/Sett
ingsScreen.kt:151:132 Unresolved reference: stringResource
e: file:///D:/cs/jiuzuoapp/app/src/main/java/com/sitbreak/app/ui/settings/Sett
ingsScreen.kt:151:147 Unresolved reference: R
e: file:///D:/cs/jiuzuoapp/app/src/main/java/com/sitbreak/app/ui/settings/Sett
ingsScreen.kt:162:24 Unresolved reference: stringResource
e: file:///D:/cs/jiuzuoapp/app/src/main/java/com/sitbreak/app/ui/settings/Sett
ingsScreen.kt:162:39 Unresolved reference: R
e: file:///D:/cs/jiuzuoapp/app/src/main/java/com/sitbreak/app/ui/settings/Sett
ingsScreen.kt:172:38 Unresolved reference: stringResource
e: file:///D:/cs/jiuzuoapp/app/src/main/java/com/sitbreak/app/ui/settings/Sett
ingsScreen.kt:172:53 Unresolved reference: R
e: file:///D:/cs/jiuzuoapp/app/src/main/java/com/sitbreak/app/ui/settings/Sett
ingsScreen.kt:187:38 Unresolved reference: stringResource
e: file:///D:/cs/jiuzuoapp/app/src/main/java/com/sitbreak/app/ui/settings/Sett
ingsScreen.kt:187:53 Unresolved reference: R
e: file:///D:/cs/jiuzuoapp/app/src/main/java/com/sitbreak/app/ui/settings/Sett
ingsScreen.kt:200:38 Unresolved reference: stringResource
e: file:///D:/cs/jiuzuoapp/app/src/main/java/com/sitbreak/app/ui/settings/Sett
ingsScreen.kt:200:53 Unresolved reference: R
e: file:///D:/cs/jiuzuoapp/app/src/main/java/com/sitbreak/app/ui/settings/Sett
ingsScreen.kt:219:24 Unresolved reference: stringResource
e: file:///D:/cs/jiuzuoapp/app/src/main/java/com/sitbreak/app/ui/settings/Sett
ingsScreen.kt:219:39 Unresolved reference: R
e: file:///D:/cs/jiuzuoapp/app/src/main/java/com/sitbreak/app/ui/settings/Sett
ingsScreen.kt:231:21 Unresolved reference: stringResource
e: file:///D:/cs/jiuzuoapp/app/src/main/java/com/sitbreak/app/ui/settings/Sett
ingsScreen.kt:231:36 Unresolved reference: R
e: file:///D:/cs/jiuzuoapp/app/src/main/java/com/sitbreak/app/ui/settings/Sett
ingsScreen.kt:245:21 Unresolved reference: stringResource
e: file:///D:/cs/jiuzuoapp/app/src/main/java/com/sitbreak/app/ui/settings/Sett
ingsScreen.kt:245:36 Unresolved reference: R
e: file:///D:/cs/jiuzuoapp/app/src/main/java/com/sitbreak/app/ui/settings/Sett
ingsScreen.kt:325:25 Unresolved reference: stringResource
e: file:///D:/cs/jiuzuoapp/app/src/main/java/com/sitbreak/app/ui/settings/Sett
ingsScreen.kt:325:40 Unresolved reference: R
e: file:///D:/cs/jiuzuoapp/app/src/main/java/com/sitbreak/app/ui/settings/Sett
ingsScreen.kt:333:25 Unresolved reference: stringResource
e: file:///D:/cs/jiuzuoapp/app/src/main/java/com/sitbreak/app/ui/settings/Sett
ingsScreen.kt:333:40 Unresolved reference: R
e: file:///D:/cs/jiuzuoapp/app/src/main/java/com/sitbreak/app/ui/settings/Sett
ingsScreen.kt:341:25 Unresolved reference: stringResource
e: file:///D:/cs/jiuzuoapp/app/src/main/java/com/sitbreak/app/ui/settings/Sett
ingsScreen.kt:341:40 Unresolved reference: R
e: file:///D:/cs/jiuzuoapp/app/src/main/java/com/sitbreak/app/ui/settings/Sett
ingsScreen.kt:342:53 Unresolved reference: stringResource
e: file:///D:/cs/jiuzuoapp/app/src/main/java/com/sitbreak/app/ui/settings/Sett
ingsScreen.kt:342:68 Unresolved reference: R
e: file:///D:/cs/jiuzuoapp/app/src/main/java/com/sitbreak/app/ui/settings/Sett
ingsScreen.kt:342:100 Unresolved reference: stringResource
e: file:///D:/cs/jiuzuoapp/app/src/main/java/com/sitbreak/app/ui/settings/Sett
ingsScreen.kt:342:115 Unresolved reference: R
e: file:///D:/cs/jiuzuoapp/app/src/main/java/com/sitbreak/app/ui/settings/Sett
ingsScreen.kt:352:25 Unresolved reference: stringResource
e: file:///D:/cs/jiuzuoapp/app/src/main/java/com/sitbreak/app/ui/settings/Sett
ingsScreen.kt:352:40 Unresolved reference: R
e: file:///D:/cs/jiuzuoapp/app/src/main/java/com/sitbreak/app/ui/settings/Sett
ingsScreen.kt:353:28 Type mismatch: inferred type is Any but String? was expec
ted
e: file:///D:/cs/jiuzuoapp/app/src/main/java/com/sitbreak/app/ui/settings/Sett
ingsScreen.kt:353:77 Unresolved reference: stringResource
e: file:///D:/cs/jiuzuoapp/app/src/main/java/com/sitbreak/app/ui/settings/Sett
ingsScreen.kt:353:92 Unresolved reference: R
e: file:///D:/cs/jiuzuoapp/app/src/main/java/com/sitbreak/app/ui/settings/Sett
ingsScreen.kt:357:21 None of the following functions can be called with the ar
guments supplied: 
public fun Text(text: AnnotatedString, modifier: Modifier = ..., color: Color 
= ..., fontSize: TextUnit = ..., fontStyle: FontStyle? = ..., fontWeight: Font
Weight? = ..., fontFamily: FontFamily? = ..., letterSpacing: TextUnit = ..., t
extDecoration: TextDecoration? = ..., textAlign: TextAlign? = ..., lineHeight:
 TextUnit = ..., overflow: TextOverflow = ..., softWrap: Boolean = ..., maxLin
es: Int = ..., minLines: Int = ..., inlineContent: Map<String, InlineTextConte
nt> = ..., onTextLayout: (TextLayoutResult) -> Unit = ..., style: TextStyle = 
...): Unit defined in androidx.compose.material3
public fun Text(text: String, modifier: Modifier = ..., color: Color = ..., fo
ntSize: TextUnit = ..., fontStyle: FontStyle? = ..., fontWeight: FontWeight? =
 ..., fontFamily: FontFamily? = ..., letterSpacing: TextUnit = ..., textDecora
tion: TextDecoration? = ..., textAlign: TextAlign? = ..., lineHeight: TextUnit
 = ..., overflow: TextOverflow = ..., softWrap: Boolean = ..., maxLines: Int =
 ..., minLines: Int = ..., onTextLayout: ((TextLayoutResult) -> Unit)? = ..., 
style: TextStyle = ...): Unit defined in androidx.compose.material3
e: file:///D:/cs/jiuzuoapp/app/src/main/java/com/sitbreak/app/ui/settings/Sett
ingsScreen.kt:358:74 Unresolved reference: stringResource
e: file:///D:/cs/jiuzuoapp/app/src/main/java/com/sitbreak/app/ui/settings/Sett
ingsScreen.kt:358:89 Unresolved reference: R
e: file:///D:/cs/jiuzuoapp/app/src/main/java/com/sitbreak/app/ui/settings/Sett
ingsScreen.kt:385:25 Unresolved reference: stringResource
e: file:///D:/cs/jiuzuoapp/app/src/main/java/com/sitbreak/app/ui/settings/Sett
ingsScreen.kt:385:40 Unresolved reference: R
e: file:///D:/cs/jiuzuoapp/app/src/main/java/com/sitbreak/app/ui/settings/Sett
ingsScreen.kt:393:25 Unresolved reference: stringResource
e: file:///D:/cs/jiuzuoapp/app/src/main/java/com/sitbreak/app/ui/settings/Sett
ingsScreen.kt:393:40 Unresolved reference: R
e: file:///D:/cs/jiuzuoapp/app/src/main/java/com/sitbreak/app/ui/settings/Sett
ingsScreen.kt:401:25 Unresolved reference: stringResource
e: file:///D:/cs/jiuzuoapp/app/src/main/java/com/sitbreak/app/ui/settings/Sett
ingsScreen.kt:401:40 Unresolved reference: R
e: file:///D:/cs/jiuzuoapp/app/src/main/java/com/sitbreak/app/ui/settings/Sett
ingsScreen.kt:435:25 Unresolved reference: stringResource
e: file:///D:/cs/jiuzuoapp/app/src/main/java/com/sitbreak/app/ui/settings/Sett
ingsScreen.kt:435:40 Unresolved reference: R
e: file:///D:/cs/jiuzuoapp/app/src/main/java/com/sitbreak/app/ui/settings/Sett
ingsScreen.kt:436:52 Unresolved reference: stringResource
e: file:///D:/cs/jiuzuoapp/app/src/main/java/com/sitbreak/app/ui/settings/Sett
ingsScreen.kt:436:67 Unresolved reference: R
e: file:///D:/cs/jiuzuoapp/app/src/main/java/com/sitbreak/app/ui/settings/Sett
ingsScreen.kt:436:99 Unresolved reference: stringResource
e: file:///D:/cs/jiuzuoapp/app/src/main/java/com/sitbreak/app/ui/settings/Sett
ingsScreen.kt:436:114 Unresolved reference: R
e: file:///D:/cs/jiuzuoapp/app/src/main/java/com/sitbreak/app/ui/settings/Sett
ingsScreen.kt:442:25 Unresolved reference: stringResource
e: file:///D:/cs/jiuzuoapp/app/src/main/java/com/sitbreak/app/ui/settings/Sett
ingsScreen.kt:442:40 Unresolved reference: R
e: file:///D:/cs/jiuzuoapp/app/src/main/java/com/sitbreak/app/ui/settings/Sett
ingsScreen.kt:443:48 Unresolved reference: stringResource
e: file:///D:/cs/jiuzuoapp/app/src/main/java/com/sitbreak/app/ui/settings/Sett
ingsScreen.kt:443:63 Unresolved reference: R
e: file:///D:/cs/jiuzuoapp/app/src/main/java/com/sitbreak/app/ui/settings/Sett
ingsScreen.kt:443:95 Unresolved reference: stringResource
e: file:///D:/cs/jiuzuoapp/app/src/main/java/com/sitbreak/app/ui/settings/Sett
ingsScreen.kt:443:110 Unresolved reference: R
e: file:///D:/cs/jiuzuoapp/app/src/main/java/com/sitbreak/app/ui/settings/Sett
ingsScreen.kt:449:25 Unresolved reference: stringResource
e: file:///D:/cs/jiuzuoapp/app/src/main/java/com/sitbreak/app/ui/settings/Sett
ingsScreen.kt:449:40 Unresolved reference: R
e: file:///D:/cs/jiuzuoapp/app/src/main/java/com/sitbreak/app/ui/settings/Sett
ingsScreen.kt:450:56 Unresolved reference: stringResource
e: file:///D:/cs/jiuzuoapp/app/src/main/java/com/sitbreak/app/ui/settings/Sett
ingsScreen.kt:450:71 Unresolved reference: R
e: file:///D:/cs/jiuzuoapp/app/src/main/java/com/sitbreak/app/ui/settings/Sett
ingsScreen.kt:450:103 Unresolved reference: stringResource
e: file:///D:/cs/jiuzuoapp/app/src/main/java/com/sitbreak/app/ui/settings/Sett
ingsScreen.kt:450:118 Unresolved reference: R
e: file:///D:/cs/jiuzuoapp/app/src/main/java/com/sitbreak/app/ui/settings/Sett
ingsScreen.kt:456:25 Unresolved reference: stringResource
e: file:///D:/cs/jiuzuoapp/app/src/main/java/com/sitbreak/app/ui/settings/Sett
ingsScreen.kt:456:40 Unresolved reference: R
e: file:///D:/cs/jiuzuoapp/app/src/main/java/com/sitbreak/app/ui/settings/Sett
ingsScreen.kt:457:54 Unresolved reference: stringResource
e: file:///D:/cs/jiuzuoapp/app/src/main/java/com/sitbreak/app/ui/settings/Sett
ingsScreen.kt:457:69 Unresolved reference: R
e: file:///D:/cs/jiuzuoapp/app/src/main/java/com/sitbreak/app/ui/settings/Sett
ingsScreen.kt:457:101 Unresolved reference: stringResource
e: file:///D:/cs/jiuzuoapp/app/src/main/java/com/sitbreak/app/ui/settings/Sett
ingsScreen.kt:457:116 Unresolved reference: R
e: file:///D:/cs/jiuzuoapp/app/src/main/java/com/sitbreak/app/ui/settings/Sett
ingsScreen.kt:463:25 Unresolved reference: stringResource
e: file:///D:/cs/jiuzuoapp/app/src/main/java/com/sitbreak/app/ui/settings/Sett
ingsScreen.kt:463:40 Unresolved reference: R
e: file:///D:/cs/jiuzuoapp/app/src/main/java/com/sitbreak/app/ui/settings/Sett
ingsScreen.kt:464:76 Unresolved reference: stringResource
e: file:///D:/cs/jiuzuoapp/app/src/main/java/com/sitbreak/app/ui/settings/Sett
ingsScreen.kt:464:91 Unresolved reference: R
e: file:///D:/cs/jiuzuoapp/app/src/main/java/com/sitbreak/app/ui/settings/Sett
ingsScreen.kt:468:21 Overload resolution ambiguity: 
public fun Text(text: AnnotatedString, modifier: Modifier = ..., color: Color 
= ..., fontSize: TextUnit = ..., fontStyle: FontStyle? = ..., fontWeight: Font
Weight? = ..., fontFamily: FontFamily? = ..., letterSpacing: TextUnit = ..., t
extDecoration: TextDecoration? = ..., textAlign: TextAlign? = ..., lineHeight:
 TextUnit = ..., overflow: TextOverflow = ..., softWrap: Boolean = ..., maxLin
es: Int = ..., minLines: Int = ..., inlineContent: Map<String, InlineTextConte
nt> = ..., onTextLayout: (TextLayoutResult) -> Unit = ..., style: TextStyle = 
...): Unit defined in androidx.compose.material3
public fun Text(text: String, modifier: Modifier = ..., color: Color = ..., fo
ntSize: TextUnit = ..., fontStyle: FontStyle? = ..., fontWeight: FontWeight? =
 ..., fontFamily: FontFamily? = ..., letterSpacing: TextUnit = ..., textDecora
tion: TextDecoration? = ..., textAlign: TextAlign? = ..., lineHeight: TextUnit
 = ..., overflow: TextOverflow = ..., softWrap: Boolean = ..., maxLines: Int =
 ..., minLines: Int = ..., onTextLayout: ((TextLayoutResult) -> Unit)? = ..., 
style: TextStyle = ...): Unit defined in androidx.compose.material3
e: file:///D:/cs/jiuzuoapp/app/src/main/java/com/sitbreak/app/ui/settings/Sett
ingsScreen.kt:468:74 Unresolved reference: stringResource
e: file:///D:/cs/jiuzuoapp/app/src/main/java/com/sitbreak/app/ui/settings/Sett
ingsScreen.kt:468:89 Unresolved reference: R
e: file:///D:/cs/jiuzuoapp/app/src/main/java/com/sitbreak/app/ui/settings/Sett
ingsScreen.kt:482:5 This material API is experimental and is likely to change 
or to be removed in the future.
e: file:///D:/cs/jiuzuoapp/app/src/main/java/com/sitbreak/app/ui/settings/Sett
ingsScreen.kt:489:17 Unresolved reference: stringResource
e: file:///D:/cs/jiuzuoapp/app/src/main/java/com/sitbreak/app/ui/settings/Sett
ingsScreen.kt:489:32 Unresolved reference: R
e: file:///D:/cs/jiuzuoapp/app/src/main/java/com/sitbreak/app/ui/settings/Sett
ingsScreen.kt:516:22 Unresolved reference: stringResource
e: file:///D:/cs/jiuzuoapp/app/src/main/java/com/sitbreak/app/ui/settings/Sett
ingsScreen.kt:516:37 Unresolved reference: R
e: file:///D:/cs/jiuzuoapp/app/src/main/java/com/sitbreak/app/ui/settings/Sett
ingsScreen.kt:579:49 Unresolved reference: stringResource
e: file:///D:/cs/jiuzuoapp/app/src/main/java/com/sitbreak/app/ui/settings/Sett
ingsScreen.kt:579:64 Unresolved reference: R
e: file:///D:/cs/jiuzuoapp/app/src/main/java/com/sitbreak/app/ui/settings/Sett
ingsScreen.kt:579:95 Unresolved reference: stringResource
e: file:///D:/cs/jiuzuoapp/app/src/main/java/com/sitbreak/app/ui/settings/Sett
ingsScreen.kt:579:110 Unresolved reference: R
e: file:///D:/cs/jiuzuoapp/app/src/main/java/com/sitbreak/app/ui/settings/Sett
ingsScreen.kt:596:36 Unresolved reference: stringResource
e: file:///D:/cs/jiuzuoapp/app/src/main/java/com/sitbreak/app/ui/settings/Sett
ingsScreen.kt:596:51 Unresolved reference: R
e: file:///D:/cs/jiuzuoapp/app/src/main/java/com/sitbreak/app/ui/settings/Sett
ingsScreen.kt:601:36 Unresolved reference: stringResource
e: file:///D:/cs/jiuzuoapp/app/src/main/java/com/sitbreak/app/ui/settings/Sett
ingsScreen.kt:601:51 Unresolved reference: R
e: file:///D:/cs/jiuzuoapp/app/src/main/java/com/sitbreak/app/ui/settings/Sett
ingsScreen.kt:635:26 Unresolved reference: stringResource
e: file:///D:/cs/jiuzuoapp/app/src/main/java/com/sitbreak/app/ui/settings/Sett
ingsScreen.kt:635:41 Unresolved reference: R
e: file:///D:/cs/jiuzuoapp/app/src/main/java/com/sitbreak/app/ui/settings/Sett
ingsScreen.kt:655:26 Unresolved reference: stringResource
e: file:///D:/cs/jiuzuoapp/app/src/main/java/com/sitbreak/app/ui/settings/Sett
ingsScreen.kt:655:41 Unresolved reference: R
e: file:///D:/cs/jiuzuoapp/app/src/main/java/com/sitbreak/app/ui/settings/Sett
ingsScreen.kt:760:22 Unresolved reference: stringResource
e: file:///D:/cs/jiuzuoapp/app/src/main/java/com/sitbreak/app/ui/settings/Sett
ingsScreen.kt:760:37 Unresolved reference: R
e: file:///D:/cs/jiuzuoapp/app/src/main/java/com/sitbreak/app/ui/settings/Sett
ingsScreen.kt:772:32 Unresolved reference: stringResource
e: file:///D:/cs/jiuzuoapp/app/src/main/java/com/sitbreak/app/ui/settings/Sett
ingsScreen.kt:772:47 Unresolved reference: R
e: file:///D:/cs/jiuzuoapp/app/src/main/java/com/sitbreak/app/ui/settings/Sett
ingsScreen.kt:773:39 Unresolved reference: stringResource
e: file:///D:/cs/jiuzuoapp/app/src/main/java/com/sitbreak/app/ui/settings/Sett
ingsScreen.kt:773:54 Unresolved reference: R
e: file:///D:/cs/jiuzuoapp/app/src/main/java/com/sitbreak/app/ui/settings/Sett
ingsScreen.kt:774:38 Unresolved reference: stringResource
e: file:///D:/cs/jiuzuoapp/app/src/main/java/com/sitbreak/app/ui/settings/Sett
ingsScreen.kt:774:53 Unresolved reference: R
e: file:///D:/cs/jiuzuoapp/app/src/main/java/com/sitbreak/app/ui/settings/Sett
ingsScreen.kt:811:24 Unresolved reference: stringResource
e: file:///D:/cs/jiuzuoapp/app/src/main/java/com/sitbreak/app/ui/settings/Sett
ingsScreen.kt:811:39 Unresolved reference: R
e: file:///D:/cs/jiuzuoapp/app/src/main/java/com/sitbreak/app/ui/settings/Sett
ingsScreen.kt:869:26 Unresolved reference: stringResource
e: file:///D:/cs/jiuzuoapp/app/src/main/java/com/sitbreak/app/ui/settings/Sett
ingsScreen.kt:869:41 Unresolved reference: R
e: file:///D:/cs/jiuzuoapp/app/src/main/java/com/sitbreak/app/ui/settings/Sett
ingsScreen.kt:883:26 Unresolved reference: stringResource
e: file:///D:/cs/jiuzuoapp/app/src/main/java/com/sitbreak/app/ui/settings/Sett
ingsScreen.kt:883:41 Unresolved reference: R
e: file:///D:/cs/jiuzuoapp/app/src/main/java/com/sitbreak/app/ui/settings/Sett
ingsScreen.kt:897:26 Unresolved reference: stringResource
e: file:///D:/cs/jiuzuoapp/app/src/main/java/com/sitbreak/app/ui/settings/Sett
ingsScreen.kt:897:41 Unresolved reference: R
e: file:///D:/cs/jiuzuoapp/app/src/main/java/com/sitbreak/app/ui/settings/Sett
ingsScreen.kt:911:22 Unresolved reference: stringResource
e: file:///D:/cs/jiuzuoapp/app/src/main/java/com/sitbreak/app/ui/settings/Sett
ingsScreen.kt:911:37 Unresolved reference: R
e: file:///D:/cs/jiuzuoapp/app/src/main/java/com/sitbreak/app/ui/settings/Sett
ingsScreen.kt:1006:24 Unresolved reference: stringResource
e: file:///D:/cs/jiuzuoapp/app/src/main/java/com/sitbreak/app/ui/settings/Sett
ingsScreen.kt:1006:39 Unresolved reference: R
e: file:///D:/cs/jiuzuoapp/app/src/main/java/com/sitbreak/app/ui/settings/Sett
ingsScreen.kt:1050:65 Unresolved reference: stringResource
e: file:///D:/cs/jiuzuoapp/app/src/main/java/com/sitbreak/app/ui/settings/Sett
ingsScreen.kt:1050:80 Unresolved reference: R
e: file:///D:/cs/jiuzuoapp/app/src/main/java/com/sitbreak/app/ui/settings/Sett
ingsScreen.kt:1050:109 Unresolved reference: stringResource
e: file:///D:/cs/jiuzuoapp/app/src/main/java/com/sitbreak/app/ui/settings/Sett
ingsScreen.kt:1050:124 Unresolved reference: R
e: file:///D:/cs/jiuzuoapp/app/src/main/java/com/sitbreak/app/ui/settings/Sett
ingsScreen.kt:1060:17 None of the following functions can be called with the a
rguments supplied: 
public fun Text(text: AnnotatedString, modifier: Modifier = ..., color: Color 
= ..., fontSize: TextUnit = ..., fontStyle: FontStyle? = ..., fontWeight: Font
Weight? = ..., fontFamily: FontFamily? = ..., letterSpacing: TextUnit = ..., t
extDecoration: TextDecoration? = ..., textAlign: TextAlign? = ..., lineHeight:
 TextUnit = ..., overflow: TextOverflow = ..., softWrap: Boolean = ..., maxLin
es: Int = ..., minLines: Int = ..., inlineContent: Map<String, InlineTextConte
nt> = ..., onTextLayout: (TextLayoutResult) -> Unit = ..., style: TextStyle = 
...): Unit defined in androidx.compose.material3
public fun Text(text: String, modifier: Modifier = ..., color: Color = ..., fo
ntSize: TextUnit = ..., fontStyle: FontStyle? = ..., fontWeight: FontWeight? =
 ..., fontFamily: FontFamily? = ..., letterSpacing: TextUnit = ..., textDecora
tion: TextDecoration? = ..., textAlign: TextAlign? = ..., lineHeight: TextUnit
 = ..., overflow: TextOverflow = ..., softWrap: Boolean = ..., maxLines: Int =
 ..., minLines: Int = ..., onTextLayout: ((TextLayoutResult) -> Unit)? = ..., 
style: TextStyle = ...): Unit defined in androidx.compose.material3
e: file:///D:/cs/jiuzuoapp/app/src/main/java/com/sitbreak/app/ui/settings/Sett
ingsScreen.kt:1061:58 Unresolved reference: stringResource
e: file:///D:/cs/jiuzuoapp/app/src/main/java/com/sitbreak/app/ui/settings/Sett
ingsScreen.kt:1061:73 Unresolved reference: R
e: file:///D:/cs/jiuzuoapp/app/src/main/java/com/sitbreak/app/ui/settings/Sett
ingsScreen.kt:1061:151 Unresolved reference: stringResource
e: file:///D:/cs/jiuzuoapp/app/src/main/java/com/sitbreak/app/ui/settings/Sett
ingsScreen.kt:1061:166 Unresolved reference: R
e: file:///D:/cs/jiuzuoapp/app/src/main/java/com/sitbreak/app/ui/settings/Sett
ingsScreen.kt:1088:26 Unresolved reference: stringResource
e: file:///D:/cs/jiuzuoapp/app/src/main/java/com/sitbreak/app/ui/settings/Sett
ingsScreen.kt:1088:41 Unresolved reference: R
e: file:///D:/cs/jiuzuoapp/app/src/main/java/com/sitbreak/app/ui/settings/Sett
ingsScreen.kt:1103:26 Unresolved reference: stringResource
e: file:///D:/cs/jiuzuoapp/app/src/main/java/com/sitbreak/app/ui/settings/Sett
ingsScreen.kt:1103:41 Unresolved reference: R
e: file:///D:/cs/jiuzuoapp/app/src/main/java/com/sitbreak/app/ui/settings/Sett
ingsViewModel.kt:66:116 No value passed for parameter 'collector'
e: file:///D:/cs/jiuzuoapp/app/src/main/java/com/sitbreak/app/ui/settings/Sett
ingsViewModel.kt:69:122 No value passed for parameter 'collector'
e: file:///D:/cs/jiuzuoapp/app/src/main/java/com/sitbreak/app/ui/settings/Sett
ingsViewModel.kt:72:110 No value passed for parameter 'collector'
e: file:///D:/cs/jiuzuoapp/app/src/main/java/com/sitbreak/app/ui/settings/Sett
ingsViewModel.kt:75:98 No value passed for parameter 'collector'
e: file:///D:/cs/jiuzuoapp/app/src/main/java/com/sitbreak/app/ui/settings/Sett
ingsViewModel.kt:78:94 No value passed for parameter 'collector'
e: file:///D:/cs/jiuzuoapp/app/src/main/java/com/sitbreak/app/ui/settings/Sett
ingsViewModel.kt:81:104 No value passed for parameter 'collector'
e: file:///D:/cs/jiuzuoapp/app/src/main/java/com/sitbreak/app/ui/settings/Sett
ingsViewModel.kt:84:94 No value passed for parameter 'collector'
e: file:///D:/cs/jiuzuoapp/app/src/main/java/com/sitbreak/app/ui/settings/Sett
ingsViewModel.kt:87:108 No value passed for parameter 'collector'
e: file:///D:/cs/jiuzuoapp/app/src/main/java/com/sitbreak/app/ui/settings/Sett
ingsViewModel.kt:90:100 No value passed for parameter 'collector'
e: file:///D:/cs/jiuzuoapp/app/src/main/java/com/sitbreak/app/ui/settings/Sett
ingsViewModel.kt:93:116 No value passed for parameter 'collector'
e: file:///D:/cs/jiuzuoapp/app/src/main/java/com/sitbreak/app/ui/settings/Sett
ingsViewModel.kt:96:112 No value passed for parameter 'collector'
e: file:///D:/cs/jiuzuoapp/app/src/main/java/com/sitbreak/app/ui/settings/Sett
ingsViewModel.kt:99:116 No value passed for parameter 'collector'
e: file:///D:/cs/jiuzuoapp/app/src/main/java/com/sitbreak/app/ui/settings/Sett
ingsViewModel.kt:102:112 No value passed for parameter 'collector'
e: file:///D:/cs/jiuzuoapp/app/src/main/java/com/sitbreak/app/ui/settings/Sett
ingsViewModel.kt:105:98 No value passed for parameter 'collector'
e: file:///D:/cs/jiuzuoapp/app/src/main/java/com/sitbreak/app/ui/stats/StatsSc
reen.kt:353:26 @Composable invocations can only happen from the context of a @
Composable function
e: file:///D:/cs/jiuzuoapp/app/src/main/java/com/sitbreak/app/ui/stats/StatsSc
reen.kt:360:29 @Composable invocations can only happen from the context of a @
Composable function
e: file:///D:/cs/jiuzuoapp/app/src/main/java/com/sitbreak/app/ui/stats/StatsSc
reen.kt:422:31 @Composable invocations can only happen from the context of a @
Composable function
e: file:///D:/cs/jiuzuoapp/app/src/main/java/com/sitbreak/app/ui/stats/StatsVi
ewModel.kt:63:26 Unresolved reference: checkInDao
e: file:///D:/cs/jiuzuoapp/app/src/main/java/com/sitbreak/app/ui/stats/StatsVi
ewModel.kt:73:36 Unresolved reference: checkInDao
e: file:///D:/cs/jiuzuoapp/app/src/main/java/com/sitbreak/app/ui/stats/StatsVi
ewModel.kt:81:28 Unresolved reference: checkInDao
e: file:///D:/cs/jiuzuoapp/app/src/main/java/com/sitbreak/app/ui/stats/StatsVi
ewModel.kt:84:49 Unresolved reference: it
e: file:///D:/cs/jiuzuoapp/app/src/main/java/com/sitbreak/app/ui/stats/StatsVi
ewModel.kt:84:64 Unresolved reference: it
e: file:///D:/cs/jiuzuoapp/app/src/main/java/com/sitbreak/app/ui/stats/StatsVi
ewModel.kt:185:26 Unresolved reference: checkInDao
e: file:///D:/cs/jiuzuoapp/app/src/main/java/com/sitbreak/app/ui/stats/StatsVi
ewModel.kt:195:36 Unresolved reference: checkInDao
e: file:///D:/cs/jiuzuoapp/app/src/main/java/com/sitbreak/app/ui/stats/StatsVi
ewModel.kt:203:36 Unresolved reference: checkInDao
e: file:///D:/cs/jiuzuoapp/app/src/main/java/com/sitbreak/app/ui/stats/StatsVi
ewModel.kt:222:26 Unresolved reference: checkInDao
e: file:///D:/cs/jiuzuoapp/app/src/main/java/com/sitbreak/app/ui/stats/StatsVi
ewModel.kt:231:43 Unresolved reference: it

> Task :app:compileDebugKotlin FAILED

FAILURE: Build failed with an exception.

* What went wrong:
Execution failed for task ':app:compileDebugKotlin'.
> A failure occurred while executing org.jetbrains.kotlin.compilerRunner.Gradl
eCompilerRunnerWithWorkers$GradleKotlinCompilerWorkAction
   > Compilation error. See log for more details

* Try:
> Run with --stacktrace option to get the stack trace.
> Run with --info or --debug option to get more log output.
> Run with --scan to get full insights.
> Get more help at https://help.gradle.org.

BUILD FAILED in 46s
15 actionable tasks: 2 executed, 13 up-to-date
命令语法不正确。
